This is LuaHBTeX, Version 1.22.0 (TeX Live 2025)  (format=lualatex 2025.12.24)  12 JUL 2026 01:03
 restricted system commands enabled.
**"d:/Code/Masters-2026/MSc Resources/MSc Thesis Report/Free Rider/main"
("d:/Code/Masters-2026/MSc Resources/MSc Thesis Report/Free Rider/main.tex"
LaTeX2e <2025-11-01>
L3 programming layer <2025-11-14>
Lua module: luaotfload 2024-12-03 v3.29 Lua based OpenType font support
Lua module: lualibs 2023-07-13 v2.76 ConTeXt Lua standard libraries.
Lua module: lualibs-extended 2023-07-13 v2.76 ConTeXt Lua libraries -- extended collection.
luaotfload | conf : Root cache directory is "D:/texlive/2025/texmf-var/luatex-cache/generic/names".
luaotfload | init : Loading fontloader "fontloader-2023-12-28.lua" from kpse-resolved path "d:/texlive/2025/texmf-dist/tex/luatex/luaotfload/fontloader-2023-12-28.lua".
Lua-only attribute luaotfload@noligature = 1
luaotfload | init : Context OpenType loader version 3.134
Inserting `luaotfload.node_processor' in `pre_linebreak_filter'.
Inserting `luaotfload.node_processor' in `hpack_filter'.
Inserting `luaotfload.glyph_stream' in `glyph_stream_provider'.
Inserting `luaotfload.define_font' in `define_font'.
Lua-only attribute luaotfload_color_attribute = 2
luaotfload | conf : Root cache directory is "D:/texlive/2025/texmf-var/luatex-cache/generic/names".
Inserting `luaotfload.harf.strip_prefix' in `find_opentype_file'.
Inserting `luaotfload.harf.strip_prefix' in `find_truetype_file'.
Removing  `luaotfload.glyph_stream' from `glyph_stream_provider'.
Inserting `luaotfload.harf.glyphstream' in `glyph_stream_provider'.
Inserting `luaotfload.harf.finalize_vlist' in `post_linebreak_filter'.
Inserting `luaotfload.harf.finalize_hlist' in `hpack_filter'.
Inserting `luaotfload.cleanup_files' in `wrapup_run'.
Inserting `luaotfload.harf.finalize_unicode' in `finish_pdffile'.
Inserting `luaotfload.glyphinfo' in `glyph_info'.
Lua-only attribute luaotfload.letterspace_done = 3
Inserting `luaotfload.aux.set_sscale_dimens' in `luaotfload.patch_font'.
Inserting `luaotfload.aux.set_font_index' in `luaotfload.patch_font'.
Inserting `luaotfload.aux.patch_cambria_domh' in `luaotfload.patch_font'.
Inserting `luaotfload.aux.fixup_fontdata' in `luaotfload.patch_font_unsafe'.
Inserting `luaotfload.aux.set_capheight' in `luaotfload.patch_font'.
Inserting `luaotfload.aux.set_xheight' in `luaotfload.patch_font'.
Inserting `luaotfload.rewrite_fontname' in `luaotfload.patch_font'.
Inserting `tracingstacklevels' in `input_level_string'. (./iutmscthesis.cls
Document Class: iutmscthesis 2024/09/26 LaTeX Class for writing MSc Thesis Report of Islamic University of Technology (IUT), written by MBH and MIA
(d:/texlive/2025/texmf-dist/tex/latex/base/report.cls
Document Class: report 2025/01/22 v1.4n Standard LaTeX document class
(d:/texlive/2025/texmf-dist/tex/latex/base/size12.clo
File: size12.clo 2025/01/22 v1.4n Standard LaTeX file (size option)
luaotfload | db : Font names database loaded from D:/texlive/2025/texmf-var/luatex-cache/generic/names/luaotfload-names.luc.gz)
\c@part=\count273
\c@chapter=\count274
\c@section=\count275
\c@subsection=\count276
\c@subsubsection=\count277
\c@paragraph=\count278
\c@subparagraph=\count279
\c@figure=\count280
\c@table=\count281
\abovecaptionskip=\skip49
\belowcaptionskip=\skip50
\bibindent=\dimen147
) (d:/texlive/2025/texmf-dist/tex/latex/geometry/geometry.sty
Package: geometry 2020/01/02 v5.9 Page Geometry
 (d:/texlive/2025/texmf-dist/tex/latex/graphics/keyval.sty
Package: keyval 2022/05/29 v1.15 key=value parser (DPC)
\KV@toks@=\toks17
) (d:/texlive/2025/texmf-dist/tex/generic/iftex/ifvtex.sty
Package: ifvtex 2019/10/25 v1.7 ifvtex legacy package. Use iftex instead.
 (d:/texlive/2025/texmf-dist/tex/generic/iftex/iftex.sty
Package: iftex 2024/12/12 v1.0g TeX engine tests
))
\Gm@cnth=\count282
\Gm@cntv=\count283
\c@Gm@tempcnt=\count284
\Gm@bindingoffset=\dimen148
\Gm@wd@mp=\dimen149
\Gm@odd@mp=\dimen150
\Gm@even@mp=\dimen151
\Gm@layoutwidth=\dimen152
\Gm@layoutheight=\dimen153
\Gm@layouthoffset=\dimen154
\Gm@layoutvoffset=\dimen155
\Gm@dimlist=\toks18
) (d:/texlive/2025/texmf-dist/tex/latex/lm/lmodern.sty
Package: lmodern 2015/05/01 v1.6.1 Latin Modern Fonts
LaTeX Font Info:    Overwriting symbol font `operators' in version `normal'
(Font)                  OT1/cmr/m/n --> OT1/lmr/m/n on input line 22.
LaTeX Font Info:    Overwriting symbol font `letters' in version `normal'
(Font)                  OML/cmm/m/it --> OML/lmm/m/it on input line 23.
LaTeX Font Info:    Overwriting symbol font `symbols' in version `normal'
(Font)                  OMS/cmsy/m/n --> OMS/lmsy/m/n on input line 24.
LaTeX Font Info:    Overwriting symbol font `largesymbols' in version `normal'
(Font)                  OMX/cmex/m/n --> OMX/lmex/m/n on input line 25.
LaTeX Font Info:    Overwriting symbol font `operators' in version `bold'
(Font)                  OT1/cmr/bx/n --> OT1/lmr/bx/n on input line 26.
LaTeX Font Info:    Overwriting symbol font `letters' in version `bold'
(Font)                  OML/cmm/b/it --> OML/lmm/b/it on input line 27.
LaTeX Font Info:    Overwriting symbol font `symbols' in version `bold'
(Font)                  OMS/cmsy/b/n --> OMS/lmsy/b/n on input line 28.
LaTeX Font Info:    Overwriting symbol font `largesymbols' in version `bold'
(Font)                  OMX/cmex/m/n --> OMX/lmex/m/n on input line 29.
LaTeX Font Info:    Overwriting math alphabet `\mathbf' in version `normal'
(Font)                  OT1/cmr/bx/n --> OT1/lmr/bx/n on input line 31.
LaTeX Font Info:    Overwriting math alphabet `\mathsf' in version `normal'
(Font)                  OT1/cmss/m/n --> OT1/lmss/m/n on input line 32.
LaTeX Font Info:    Overwriting math alphabet `\mathit' in version `normal'
(Font)                  OT1/cmr/m/it --> OT1/lmr/m/it on input line 33.
LaTeX Font Info:    Overwriting math alphabet `\mathtt' in version `normal'
(Font)                  OT1/cmtt/m/n --> OT1/lmtt/m/n on input line 34.
LaTeX Font Info:    Overwriting math alphabet `\mathbf' in version `bold'
(Font)                  OT1/cmr/bx/n --> OT1/lmr/bx/n on input line 35.
LaTeX Font Info:    Overwriting math alphabet `\mathsf' in version `bold'
(Font)                  OT1/cmss/bx/n --> OT1/lmss/bx/n on input line 36.
LaTeX Font Info:    Overwriting math alphabet `\mathit' in version `bold'
(Font)                  OT1/cmr/bx/it --> OT1/lmr/bx/it on input line 37.
LaTeX Font Info:    Overwriting math alphabet `\mathtt' in version `bold'
(Font)                  OT1/cmtt/m/n --> OT1/lmtt/m/n on input line 38.
) (d:/texlive/2025/texmf-dist/tex/latex/stix2-type1/stix2.sty
Package: stix2 2021/01/14 v2.0.2-latex STIX Two fonts support package
 (d:/texlive/2025/texmf-dist/tex/latex/base/textcomp.sty
Package: textcomp 2024/04/24 v2.1b Standard LaTeX package
LaTeX Font Info:    Changing ? sub-encoding to TS1/0 on input line 75.
)
LaTeX Encoding Info:    Text command \textpertenthousand (encoding T1) is not declared on input line 53.
LaTeX Encoding Info:    Redeclaring text command \textpertenthousand (encoding ?) on input line 54.
LaTeX Font Info:    Redeclaring symbol font `letters' on input line 78.
LaTeX Font Info:    Encoding `OML' has changed to `LS1' for symbol font
(Font)              `letters' in the math version `normal' on input line 78.
LaTeX Font Info:    Overwriting symbol font `letters' in version `normal'
(Font)                  OML/lmm/m/it --> LS1/stix2/m/it on input line 78.
LaTeX Font Info:    Encoding `OML' has changed to `LS1' for symbol font
(Font)              `letters' in the math version `bold' on input line 78.
LaTeX Font Info:    Overwriting symbol font `letters' in version `bold'
(Font)                  OML/lmm/b/it --> LS1/stix2/m/it on input line 78.
LaTeX Font Info:    Redeclaring symbol font `operators' on input line 79.
LaTeX Font Info:    Encoding `OT1' has changed to `LS1' for symbol font
(Font)              `operators' in the math version `normal' on input line 79.
LaTeX Font Info:    Overwriting symbol font `operators' in version `normal'
(Font)                  OT1/lmr/m/n --> LS1/stix2/m/n on input line 79.
LaTeX Font Info:    Encoding `OT1' has changed to `LS1' for symbol font
(Font)              `operators' in the math version `bold' on input line 79.
LaTeX Font Info:    Overwriting symbol font `operators' in version `bold'
(Font)                  OT1/lmr/bx/n --> LS1/stix2/m/n on input line 79.
\symbold-operators=\mathgroup4
LaTeX Font Info:    Redeclaring symbol font `symbols' on input line 81.
LaTeX Font Info:    Encoding `OMS' has changed to `LS1' for symbol font
(Font)              `symbols' in the math version `normal' on input line 81.
LaTeX Font Info:    Overwriting symbol font `symbols' in version `normal'
(Font)                  OMS/lmsy/m/n --> LS1/stix2scr/m/n on input line 81.
LaTeX Font Info:    Encoding `OMS' has changed to `LS1' for symbol font
(Font)              `symbols' in the math version `bold' on input line 81.
LaTeX Font Info:    Overwriting symbol font `symbols' in version `bold'
(Font)                  OMS/lmsy/b/n --> LS1/stix2scr/m/n on input line 81.
\symsymbols2=\mathgroup5
\symsymbols3=\mathgroup6
\symsymbols4=\mathgroup7
\symintegrals=\mathgroup8
LaTeX Font Info:    Redeclaring symbol font `largesymbols' on input line 86.
LaTeX Font Info:    Encoding `OMX' has changed to `LS2' for symbol font
(Font)              `largesymbols' in the math version `normal' on input line 86.
LaTeX Font Info:    Overwriting symbol font `largesymbols' in version `normal'
(Font)                  OMX/lmex/m/n --> LS2/stix2ex/m/n on input line 86.
LaTeX Font Info:    Encoding `OMX' has changed to `LS2' for symbol font
(Font)              `largesymbols' in the math version `bold' on input line 86.
LaTeX Font Info:    Overwriting symbol font `largesymbols' in version `bold'
(Font)                  OMX/lmex/m/n --> LS2/stix2ex/m/n on input line 86.
\symarrows1=\mathgroup9
\symarrows2=\mathgroup10
\symarrows3=\mathgroup11
LaTeX Font Info:    Overwriting symbol font `letters' in version `bold'
(Font)                  LS1/stix2/m/it --> LS1/stix2/b/it on input line 90.
LaTeX Font Info:    Overwriting symbol font `operators' in version `bold'
(Font)                  LS1/stix2/m/n --> LS1/stix2/b/n on input line 91.
LaTeX Font Info:    Overwriting symbol font `symbols' in version `bold'
(Font)                  LS1/stix2scr/m/n --> LS1/stix2scr/b/n on input line 92.
LaTeX Font Info:    Overwriting symbol font `symbols2' in version `bold'
(Font)                  LS1/stix2frak/m/n --> LS1/stix2frak/b/n on input line 93.
LaTeX Font Info:    Overwriting symbol font `symbols3' in version `bold'
(Font)                  LS1/stix2bb/m/n --> LS1/stix2bb/b/n on input line 94.
LaTeX Font Info:    Overwriting symbol font `symbols4' in version `bold'
(Font)                  LS1/stix2bb/m/it --> LS1/stix2bb/b/it on input line 95.
LaTeX Font Info:    Overwriting symbol font `integrals' in version `bold'
(Font)                  LS2/stix2cal/m/n --> LS2/stix2cal/b/n on input line 96.
LaTeX Font Info:    Overwriting symbol font `largesymbols' in version `bold'
(Font)                  LS2/stix2ex/m/n --> LS2/stix2ex/b/n on input line 97.
LaTeX Font Info:    Overwriting symbol font `arrows1' in version `bold'
(Font)                  LS1/stix2sf/m/n --> LS1/stix2sf/b/n on input line 98.
LaTeX Font Info:    Overwriting symbol font `arrows2' in version `bold'
(Font)                  LS1/stix2sf/m/it --> LS1/stix2sf/b/it on input line 99.
LaTeX Font Info:    Overwriting symbol font `arrows3' in version `bold'
(Font)                  LS2/stix2tt/m/n --> LS2/stix2tt/b/n on input line 100.
LaTeX Font Info:    Redeclaring math alphabet \mathit on input line 101.
LaTeX Font Info:    Redeclaring math alphabet \mathsf on input line 107.
LaTeX Font Info:    Redeclaring math alphabet \mathtt on input line 109.
LaTeX Font Info:    Redeclaring math alphabet \mathbf on input line 110.
LaTeX Font Info:    Redeclaring math symbol \hbar on input line 226.
LaTeX Font Info:    Redeclaring math accent \grave on input line 697.
LaTeX Font Info:    Redeclaring math accent \acute on input line 698.
LaTeX Font Info:    Redeclaring math accent \hat on input line 699.
LaTeX Font Info:    Redeclaring math accent \tilde on input line 700.
LaTeX Font Info:    Redeclaring math accent \bar on input line 701.
LaTeX Font Info:    Redeclaring math accent \breve on input line 702.
LaTeX Font Info:    Redeclaring math accent \dot on input line 703.
LaTeX Font Info:    Redeclaring math accent \ddot on input line 704.
LaTeX Font Info:    Redeclaring math accent \mathring on input line 706.
LaTeX Font Info:    Redeclaring math accent \check on input line 707.
LaTeX Font Info:    Redeclaring math accent \vec on input line 715.
LaTeX Font Info:    Redeclaring math accent \widehat on input line 727.
LaTeX Font Info:    Redeclaring math accent \widetilde on input line 728.
LaTeX Info: Redefining \vdots on input line 1517.
LaTeX Info: Redefining \cdots on input line 1521.
LaTeX Font Info:    Redeclaring math symbol \mathsterling on input line 1977.
LaTeX Info: Redefining \not on input line 2141.
) (d:/texlive/2025/texmf-dist/tex/latex/parskip/parskip.sty
Package: parskip 2021-03-14 v2.0h non-zero parskip adjustments
 (d:/texlive/2025/texmf-dist/tex/latex/kvoptions/kvoptions.sty
Package: kvoptions 2022-06-15 v3.15 Key value format for package options (HO)
 (d:/texlive/2025/texmf-dist/tex/generic/ltxcmds/ltxcmds.sty
Package: ltxcmds 2023-12-04 v1.26 LaTeX kernel commands for general use (HO)
) (d:/texlive/2025/texmf-dist/tex/latex/kvsetkeys/kvsetkeys.sty
Package: kvsetkeys 2022-10-05 v1.19 Key value parser (HO)
)) (d:/texlive/2025/texmf-dist/tex/latex/etoolbox/etoolbox.sty
Package: etoolbox 2025/10/02 v2.5m e-TeX tools for LaTeX (JAW)
\etb@tempcnta=\count285
)) (d:/texlive/2025/texmf-dist/tex/latex/setspace/setspace.sty
Package: setspace 2022/12/04 v6.7b set line spacing
) (d:/texlive/2025/texmf-dist/tex/latex/floatrow/floatrow.sty
Package: floatrow 2008/08/02 v0.3b floatrow: float package extension
 (d:/texlive/2025/texmf-dist/tex/latex/caption/caption3.sty
Package: caption3 2023/07/31 v2.4d caption3 kernel (AR)
\caption@tempdima=\dimen156
\captionmargin=\dimen157
\caption@leftmargin=\dimen158
\caption@rightmargin=\dimen159
\caption@width=\dimen160
\caption@indent=\dimen161
\caption@parindent=\dimen162
\caption@hangindent=\dimen163
Package caption Info: Standard document class detected.
)
\c@float@type=\count286
\float@exts=\toks19
\float@box=\box53
\@floatcapt=\box54
Package floatrow Info: Modified float package code loaded on input line 455.
Package floatrow Info: Modified rotfloat package code loaded on input line 473.
\FR@everyfloat=\toks20
\flrow@foot=\insert252
\FB@wd=\dimen164
\FBo@wd=\dimen165
\FBc@wd=\dimen166
\FBo@ht=\skip51
\FBc@ht=\skip52
\FBf@ht=\skip53
\FBo@max=\skip54
\FBc@max=\skip55
\FBf@max=\skip56
\c@FBl@b=\count287
\floatbox@depth=\count288
\c@FRobj=\count289
\c@FRsobj=\count290
\Xhsize=\skip57
\sXhsize=\skip58
\Zhsize=\skip59
\sZhsize=\skip60
\flrow@rowbox=\box55
\FR@Zunitlength=\dimen167
\c@FBcnt=\count291
\FPOScnt=\count292
\LTleft=\skip61
\LTright=\skip62
\LTleft=\skip63
\LTright=\skip64
\flrow@types=\toks21
) (d:/texlive/2025/texmf-dist/tex/latex/graphics/graphicx.sty
Package: graphicx 2024/12/31 v1.2e Enhanced LaTeX Graphics (DPC,SPQR)
 (d:/texlive/2025/texmf-dist/tex/latex/graphics/graphics.sty
Package: graphics 2024/08/06 v1.4g Standard LaTeX Graphics (DPC,SPQR)
 (d:/texlive/2025/texmf-dist/tex/latex/graphics/trig.sty
Package: trig 2023/12/02 v1.11 sin cos tan (DPC)
) (d:/texlive/2025/texmf-dist/tex/latex/graphics-cfg/graphics.cfg
File: graphics.cfg 2016/06/04 v1.11 sample graphics configuration
)
Package graphics Info: Driver file: luatex.def on input line 106.
 (d:/texlive/2025/texmf-dist/tex/latex/graphics-def/luatex.def
File: luatex.def 2025/09/29 v1.2f Graphics/color driver for luatex
))
\Gin@req@height=\dimen168
\Gin@req@width=\dimen169
) (d:/texlive/2025/texmf-dist/tex/latex/comment/comment.sty
\CommentStream=\write3
 Excluding comment 'comment') (d:/texlive/2025/texmf-dist/tex/latex/algorithms/algorithm.sty
Package: algorithm 2009/08/24 v0.1 Document Style `algorithm' - floating environment
 (d:/texlive/2025/texmf-dist/tex/latex/base/ifthen.sty
Package: ifthen 2024/03/16 v1.1e Standard LaTeX ifthen package (DPC)
)
\c@algorithm=\count293
) (d:/texlive/2025/texmf-dist/tex/latex/algorithmicx/algpseudocode.sty
Package: algpseudocode 
 (d:/texlive/2025/texmf-dist/tex/latex/algorithmicx/algorithmicx.sty
Package: algorithmicx 2005/04/27 v1.2 Algorithmicx

Document Style algorithmicx 1.2 - a greatly improved `algorithmic' style
\c@ALG@line=\count294
\c@ALG@rem=\count295
\c@ALG@nested=\count296
\ALG@tlm=\skip65
\ALG@thistlm=\skip66
\c@ALG@Lnr=\count297
\c@ALG@blocknr=\count298
\c@ALG@storecount=\count299
\c@ALG@tmpcounter=\count300
\ALG@tmplength=\skip67
)
Document Style - pseudocode environments for use with the `algorithmicx' style
) (d:/texlive/2025/texmf-dist/tex/latex/caption/caption.sty
Package: caption 2023/08/05 v3.6o Customizing captions (AR)
\c@caption@flags=\count301
\c@continuedfloat=\count302
Package caption Info: float package is loaded.
Package caption Info: floatrow package is loaded.
Package caption Info: floatrow package is loaded.
) (d:/texlive/2025/texmf-dist/tex/latex/caption/subcaption.sty
Package: subcaption 2023/07/28 v1.6b Sub-captions (AR)
Package caption Info: New subtype `subfigure' on input line 238.
\c@subfigure=\count303
Package caption Info: New subtype `subtable' on input line 238.
\c@subtable=\count304
) (d:/texlive/2025/texmf-dist/tex/latex/tools/array.sty
Package: array 2025/09/25 v2.6n Tabular extension package (FMi)
\col@sep=\dimen170
\ar@mcellbox=\box56
\extrarowheight=\dimen171
\NC@list=\toks22
\extratabsurround=\skip68
\backup@length=\skip69
\ar@cellbox=\box57
) (d:/texlive/2025/texmf-dist/tex/latex/booktabs/booktabs.sty
Package: booktabs 2020/01/12 v1.61803398 Publication quality tables
\heavyrulewidth=\dimen172
\lightrulewidth=\dimen173
\cmidrulewidth=\dimen174
\belowrulesep=\dimen175
\belowbottomsep=\dimen176
\aboverulesep=\dimen177
\abovetopsep=\dimen178
\cmidrulesep=\dimen179
\cmidrulekern=\dimen180
\defaultaddspace=\dimen181
\@cmidla=\count305
\@cmidlb=\count306
\@aboverulesep=\dimen182
\@belowrulesep=\dimen183
\@thisruleclass=\count307
\@lastruleclass=\count308
\@thisrulewidth=\dimen184
) (d:/texlive/2025/texmf-dist/tex/latex/amsmath/amsmath.sty
Package: amsmath 2025/07/09 v2.17z AMS math features
\@mathmargin=\skip70

For additional information on amsmath, use the `?' option.
(d:/texlive/2025/texmf-dist/tex/latex/amsmath/amstext.sty
Package: amstext 2024/11/17 v2.01 AMS text
 (d:/texlive/2025/texmf-dist/tex/latex/amsmath/amsgen.sty
File: amsgen.sty 1999/11/30 v2.0 generic functions
\@emptytoks=\toks23
\ex@=\dimen185
)) (d:/texlive/2025/texmf-dist/tex/latex/amsmath/amsbsy.sty
Package: amsbsy 1999/11/29 v1.2d Bold Symbols
\pmbraise@=\dimen186
) (d:/texlive/2025/texmf-dist/tex/latex/amsmath/amsopn.sty
Package: amsopn 2022/04/08 v2.04 operator names
)
\inf@bad=\count309
LaTeX Info: Redefining \frac on input line 235.
\uproot@=\count310
\leftroot@=\count311
LaTeX Info: Redefining \overline on input line 398.
LaTeX Info: Redefining \colon on input line 409.
\classnum@=\count312
\DOTSCASE@=\count313
LaTeX Info: Redefining \ldots on input line 495.
LaTeX Info: Redefining \dots on input line 498.
\Mathstrutbox@=\box58
\strutbox@=\box59
LaTeX Info: Redefining \big on input line 721.
LaTeX Info: Redefining \Big on input line 722.
LaTeX Info: Redefining \bigg on input line 723.
LaTeX Info: Redefining \Bigg on input line 724.
\big@size=\dimen187
LaTeX Font Info:    Redeclaring font encoding OML on input line 742.
LaTeX Font Info:    Redeclaring font encoding OMS on input line 743.
\macc@depth=\count314
LaTeX Info: Redefining \bmod on input line 904.
LaTeX Info: Redefining \pmod on input line 909.
LaTeX Info: Redefining \smash on input line 939.
\c@MaxMatrixCols=\count315
\dotsspace@=\muskip17
\c@parentequation=\count316
\dspbrk@lvl=\count317
\tag@help=\toks24
\row@=\count318
\column@=\count319
\maxfields@=\count320
\andhelp@=\toks25
\eqnshift@=\dimen188
\alignsep@=\dimen189
\tagshift@=\dimen190
\tagwidth@=\dimen191
\totwidth@=\dimen192
\lineht@=\dimen193
\@envbody=\toks26
\multlinegap=\skip71
\multlinetaggap=\skip72
\mathdisplay@stack=\toks27
LaTeX Info: Redefining \[ on input line 2950.
LaTeX Info: Redefining \] on input line 2951.
) (d:/texlive/2025/texmf-dist/tex/latex/xfrac/xfrac.sty
Package: xfrac 2024-06-04 Split-level fractions
\l__xfrac_slash_box=\box60
\l__xfrac_tmp_box=\box61
\l__xfrac_denominator_bot_sep_dim=\dimen194
\l__xfrac_numerator_bot_sep_dim=\dimen195
\l__xfrac_numerator_top_sep_dim=\dimen196
\l__xfrac_slash_left_sep_dim=\dimen197
\l__xfrac_slash_right_sep_dim=\dimen198
\l__xfrac_slash_left_muskip=\muskip18
\l__xfrac_slash_right_muskip=\muskip19

LaTeX template Info: Declaring template type 'xfrac' taking 3 argument(s) on
(template)           line 100.


LaTeX template Info: Declaring instance 'cmr' of type xfrac on line 392.


LaTeX template Info: Declaring instance 'cmss' of type xfrac on line 392.


LaTeX template Info: Declaring instance 'cmtt' of type xfrac on line 392.

) (d:/texlive/2025/texmf-dist/tex/latex/listings/listings.sty
\lst@mode=\count321
\lst@gtempboxa=\box62
\lst@token=\toks28
\lst@length=\count322
\lst@currlwidth=\dimen199
\lst@column=\count323
\lst@pos=\count324
\lst@lostspace=\dimen256
\lst@width=\dimen257
\lst@newlines=\count325
\lst@lineno=\count326
\lst@maxwidth=\dimen258
 (d:/texlive/2025/texmf-dist/tex/latex/listings/lstpatch.sty
File: lstpatch.sty 2025/11/14 1.11b (Carsten Heinz)
) (d:/texlive/2025/texmf-dist/tex/latex/listings/lstmisc.sty
File: lstmisc.sty 2025/11/14 1.11b (Carsten Heinz)
\c@lstnumber=\count327
\lst@skipnumbers=\count328
\lst@framebox=\box63
) (d:/texlive/2025/texmf-dist/tex/latex/listings/listings.cfg
File: listings.cfg 2025/11/14 1.11b listings configuration
))
Package: listings 2025/11/14 1.11b (Carsten Heinz)

==> First Aid for listings.sty no longer applied!
    Expected:
        2024/09/23 1.10c (Carsten Heinz)
    but found:
        2025/11/14 1.11b (Carsten Heinz)
    so I'm assuming it got fixed.
(d:/texlive/2025/texmf-dist/tex/latex/upquote/upquote.sty
Package: upquote 2012/04/19 v1.3 upright-quote and grave-accent glyphs in verbatim
) (d:/texlive/2025/texmf-dist/tex/latex/hyperref/hyperref.sty
Package: hyperref 2025-07-12 v7.01o Hypertext links for LaTeX
 (d:/texlive/2025/texmf-dist/tex/generic/kvdefinekeys/kvdefinekeys.sty
Package: kvdefinekeys 2019-12-19 v1.6 Define keys (HO)
) (d:/texlive/2025/texmf-dist/tex/generic/pdfescape/pdfescape.sty
Package: pdfescape 2019/12/09 v1.15 Implements pdfTeX's escape features (HO)
 (d:/texlive/2025/texmf-dist/tex/generic/pdftexcmds/pdftexcmds.sty
Package: pdftexcmds 2020-06-27 v0.33 Utility functions of pdfTeX for LuaTeX (HO)
 (d:/texlive/2025/texmf-dist/tex/generic/infwarerr/infwarerr.sty
Package: infwarerr 2019/12/03 v1.5 Providing info/warning/error messages (HO)
)
Package pdftexcmds Info: \pdf@primitive is available.
Package pdftexcmds Info: \pdf@ifprimitive is available.
Package pdftexcmds Info: \pdfdraftmode found.
\pdftexcmds@toks=\toks29
)) (d:/texlive/2025/texmf-dist/tex/latex/hycolor/hycolor.sty
Package: hycolor 2020-01-27 v1.10 Color options for hyperref/bookmark (HO)
) (d:/texlive/2025/texmf-dist/tex/latex/hyperref/nameref.sty
Package: nameref 2025-06-21 v2.57 Cross-referencing by name of section
 (d:/texlive/2025/texmf-dist/tex/latex/refcount/refcount.sty
Package: refcount 2019/12/15 v3.6 Data extraction from label references (HO)
) (d:/texlive/2025/texmf-dist/tex/generic/gettitlestring/gettitlestring.sty
Package: gettitlestring 2019/12/15 v1.6 Cleanup title references (HO)
)
\c@section@level=\count329
) (d:/texlive/2025/texmf-dist/tex/generic/stringenc/stringenc.sty
Package: stringenc 2019/11/29 v1.12 Convert strings between diff. encodings (HO)
)
\@linkdim=\dimen259
\Hy@linkcounter=\count330
\Hy@pagecounter=\count331
 (d:/texlive/2025/texmf-dist/tex/latex/hyperref/pd1enc.def
File: pd1enc.def 2025-07-12 v7.01o Hyperref: PDFDocEncoding definition (HO)
) (d:/texlive/2025/texmf-dist/tex/generic/intcalc/intcalc.sty
Package: intcalc 2019/12/15 v1.3 Expandable calculations with integers (HO)
)
\Hy@SavedSpaceFactor=\count332
 (d:/texlive/2025/texmf-dist/tex/latex/hyperref/puenc.def
File: puenc.def 2025-07-12 v7.01o Hyperref: PDF Unicode definition (HO)
)
Package hyperref Info: Hyper figures OFF on input line 4195.
Package hyperref Info: Link nesting OFF on input line 4200.
Package hyperref Info: Hyper index ON on input line 4203.
Package hyperref Info: Plain pages OFF on input line 4210.
Package hyperref Info: Backreferencing OFF on input line 4215.
Package hyperref Info: Implicit mode ON; LaTeX internals redefined.
Package hyperref Info: Bookmarks ON on input line 4462.
\c@Hy@tempcnt=\count333
 (d:/texlive/2025/texmf-dist/tex/latex/url/url.sty
\Urlmuskip=\muskip20
Package: url 2013/09/16  ver 3.4  Verb mode for urls, etc.
)
LaTeX Info: Redefining \url on input line 4801.
\XeTeXLinkMargin=\dimen260
 (d:/texlive/2025/texmf-dist/tex/generic/bitset/bitset.sty
Package: bitset 2019/12/09 v1.3 Handle bit-vector datatype (HO)
 (d:/texlive/2025/texmf-dist/tex/generic/bigintcalc/bigintcalc.sty
Package: bigintcalc 2019/12/15 v1.5 Expandable calculations on big integers (HO)
))
\Fld@menulength=\count334
\Field@Width=\dimen261
\Fld@charsize=\dimen262
Package hyperref Info: Hyper figures OFF on input line 6078.
Package hyperref Info: Link nesting OFF on input line 6083.
Package hyperref Info: Hyper index ON on input line 6086.
Package hyperref Info: backreferencing OFF on input line 6093.
Package hyperref Info: Link coloring OFF on input line 6098.
Package hyperref Info: Link coloring with OCG OFF on input line 6103.
Package hyperref Info: PDF/A mode OFF on input line 6108.
\Hy@abspage=\count335
\c@Item=\count336
\c@Hfootnote=\count337
)
Package hyperref Info: Driver (autodetected): hluatex.
 (d:/texlive/2025/texmf-dist/tex/latex/hyperref/hluatex.def
File: hluatex.def 2025-07-12 v7.01o Hyperref driver for luaTeX
\Fld@listcount=\count338
\c@bookmark@seq@number=\count339
 (d:/texlive/2025/texmf-dist/tex/latex/rerunfilecheck/rerunfilecheck.sty
Package: rerunfilecheck 2025-06-21 v1.11 Rerun checks for auxiliary files (HO)
 (d:/texlive/2025/texmf-dist/tex/generic/uniquecounter/uniquecounter.sty
Package: uniquecounter 2019/12/15 v1.4 Provide unlimited unique counter (HO)
)
Package uniquecounter Info: New unique counter `rerunfilecheck' on input line 284.
)
\Hy@SectionHShift=\skip73
) (d:/texlive/2025/texmf-dist/tex/latex/biblatex/biblatex.sty
Package: biblatex 2025/07/10 v3.21 programmable bibliographies (PK/MW)
 (d:/texlive/2025/texmf-dist/tex/latex/logreq/logreq.sty
Package: logreq 2010/08/04 v1.0 xml request logger
\lrq@indent=\count340
 (d:/texlive/2025/texmf-dist/tex/latex/logreq/logreq.def
File: logreq.def 2010/08/04 v1.0 logreq spec v1.0
))
\c@tabx@nest=\count341
\c@listtotal=\count342
\c@listcount=\count343
\c@liststart=\count344
\c@liststop=\count345
\c@citecount=\count346
\c@citetotal=\count347
\c@multicitecount=\count348
\c@multicitetotal=\count349
\c@instcount=\count350
\c@maxnames=\count351
\c@minnames=\count352
\c@maxitems=\count353
\c@minitems=\count354
\c@citecounter=\count355
\c@maxcitecounter=\count356
\c@savedcitecounter=\count357
\c@uniquelist=\count358
\c@uniquename=\count359
\c@refsection=\count360
\c@refsegment=\count361
\c@maxextratitle=\count362
\c@maxextratitleyear=\count363
\c@maxextraname=\count364
\c@maxextradate=\count365
\c@maxextraalpha=\count366
\c@abbrvpenalty=\count367
\c@highnamepenalty=\count368
\c@lownamepenalty=\count369
\c@maxparens=\count370
\c@parenlevel=\count371
\blx@tempcnta=\count372
\blx@tempcntb=\count373
\blx@tempcntc=\count374
\c@blx@maxsection=\count375
\blx@maxsegment@0=\count376
\blx@notetype=\count377
\blx@parenlevel@text=\count378
\blx@parenlevel@foot=\count379
\blx@sectionciteorder@0=\count380
\blx@sectionciteorderinternal@0=\count381
\blx@entrysetcounter=\count382
\blx@biblioinstance=\count383
\labelnumberwidth=\skip74
\labelalphawidth=\skip75
\biblabelsep=\skip76
\bibitemsep=\skip77
\bibnamesep=\skip78
\bibinitsep=\skip79
\bibparsep=\skip80
\bibhang=\skip81
\blx@bcfin=\read2
\blx@bcfout=\write4
\blx@langwohyphens=\language2
\c@mincomprange=\count384
\c@maxcomprange=\count385
\c@mincompwidth=\count386
Package biblatex Info: Trying to load biblatex default data model...
Package biblatex Info: ... file 'blx-dm.def' found.
 (d:/texlive/2025/texmf-dist/tex/latex/biblatex/blx-dm.def
File: blx-dm.def 2025/07/10 v3.21 biblatex datamodel (PK/MW)
)
Package biblatex Info: Trying to load biblatex style data model...
Package biblatex Info: ... file 'ieee.dbx' not found.
Package biblatex Info: Trying to load biblatex custom data model...
Package biblatex Info: ... file 'biblatex-dm.cfg' not found.
\c@afterword=\count387
\c@savedafterword=\count388
\c@annotator=\count389
\c@savedannotator=\count390
\c@author=\count391
\c@savedauthor=\count392
\c@bookauthor=\count393
\c@savedbookauthor=\count394
\c@commentator=\count395
\c@savedcommentator=\count396
\c@editor=\count397
\c@savededitor=\count398
\c@editora=\count399
\c@savededitora=\count400
\c@editorb=\count401
\c@savededitorb=\count402
\c@editorc=\count403
\c@savededitorc=\count404
\c@foreword=\count405
\c@savedforeword=\count406
\c@holder=\count407
\c@savedholder=\count408
\c@introduction=\count409
\c@savedintroduction=\count410
\c@namea=\count411
\c@savednamea=\count412
\c@nameb=\count413
\c@savednameb=\count414
\c@namec=\count415
\c@savednamec=\count416
\c@translator=\count417
\c@savedtranslator=\count418
\c@shortauthor=\count419
\c@savedshortauthor=\count420
\c@shorteditor=\count421
\c@savedshorteditor=\count422
\c@labelname=\count423
\c@savedlabelname=\count424
\c@institution=\count425
\c@savedinstitution=\count426
\c@lista=\count427
\c@savedlista=\count428
\c@listb=\count429
\c@savedlistb=\count430
\c@listc=\count431
\c@savedlistc=\count432
\c@listd=\count433
\c@savedlistd=\count434
\c@liste=\count435
\c@savedliste=\count436
\c@listf=\count437
\c@savedlistf=\count438
\c@location=\count439
\c@savedlocation=\count440
\c@organization=\count441
\c@savedorganization=\count442
\c@origlocation=\count443
\c@savedoriglocation=\count444
\c@origpublisher=\count445
\c@savedorigpublisher=\count446
\c@publisher=\count447
\c@savedpublisher=\count448
\c@language=\count449
\c@savedlanguage=\count450
\c@origlanguage=\count451
\c@savedoriglanguage=\count452
\c@pageref=\count453
\c@savedpageref=\count454
\shorthandwidth=\skip82
\shortjournalwidth=\skip83
\shortserieswidth=\skip84
\shorttitlewidth=\skip85
\shortauthorwidth=\skip86
\shorteditorwidth=\skip87
\locallabelnumberwidth=\skip88
\locallabelalphawidth=\skip89
\localshorthandwidth=\skip90
\localshortjournalwidth=\skip91
\localshortserieswidth=\skip92
\localshorttitlewidth=\skip93
\localshortauthorwidth=\skip94
\localshorteditorwidth=\skip95
Package biblatex Info: Trying to load enhanced support for Unicode engines...
Package biblatex Info: ... file 'blx-unicode.def' found.
 (d:/texlive/2025/texmf-dist/tex/latex/biblatex/blx-unicode.def)
Package biblatex Info: Trying to load compatibility code...
Package biblatex Info: ... file 'blx-compat.def' found.
 (d:/texlive/2025/texmf-dist/tex/latex/biblatex/blx-compat.def
File: blx-compat.def 2025/07/10 v3.21 biblatex compatibility (PK/MW)
)
Package biblatex Info: Trying to load generic definitions...
Package biblatex Info: ... file 'biblatex.def' found.
 (d:/texlive/2025/texmf-dist/tex/latex/biblatex/biblatex.def
File: biblatex.def 2025/07/10 v3.21 biblatex compatibility (PK/MW)
\c@textcitecount=\count455
\c@textcitetotal=\count456
\c@textcitemaxnames=\count457
\c@biburlbigbreakpenalty=\count458
\c@biburlbreakpenalty=\count459
\c@biburlnumpenalty=\count460
\c@biburlucpenalty=\count461
\c@biburllcpenalty=\count462
\biburlbigskip=\muskip21
\biburlnumskip=\muskip22
\biburlucskip=\muskip23
\biburllcskip=\muskip24
\c@smartand=\count463
)
Package biblatex Info: Trying to load bibliography style 'ieee'...
Package biblatex Info: ... file 'ieee.bbx' found.
 (d:/texlive/2025/texmf-dist/tex/latex/biblatex-ieee/ieee.bbx
File: ieee.bbx 2025-08-01 v1.4f biblatex bibliography style
Package biblatex Info: Trying to load bibliography style 'numeric-comp'...
Package biblatex Info: ... file 'numeric-comp.bbx' found.
 (d:/texlive/2025/texmf-dist/tex/latex/biblatex/bbx/numeric-comp.bbx
File: numeric-comp.bbx 2025/07/10 v3.21 biblatex bibliography style (PK/MW)
Package biblatex Info: Trying to load bibliography style 'numeric'...
Package biblatex Info: ... file 'numeric.bbx' found.
 (d:/texlive/2025/texmf-dist/tex/latex/biblatex/bbx/numeric.bbx
File: numeric.bbx 2025/07/10 v3.21 biblatex bibliography style (PK/MW)
Package biblatex Info: Trying to load bibliography style 'standard'...
Package biblatex Info: ... file 'standard.bbx' found.
 (d:/texlive/2025/texmf-dist/tex/latex/biblatex/bbx/standard.bbx
File: standard.bbx 2025/07/10 v3.21 biblatex bibliography style (PK/MW)
\c@bbx:relatedcount=\count464
\c@bbx:relatedtotal=\count465
))))
Package biblatex Info: Trying to load citation style 'ieee'...
Package biblatex Info: ... file 'ieee.cbx' found.
 (d:/texlive/2025/texmf-dist/tex/latex/biblatex-ieee/ieee.cbx
File: ieee.cbx 2025-08-01 v1.4f biblatex citation style
Package biblatex Info: Trying to load citation style 'numeric-verb'...
Package biblatex Info: ... file 'numeric-verb.cbx' found.
 (d:/texlive/2025/texmf-dist/tex/latex/biblatex/cbx/numeric-verb.cbx
File: numeric-verb.cbx 2025/07/10 v3.21 biblatex citation style (PK/MW)
Package biblatex Info: Redefining '\cite'.
Package biblatex Info: Redefining '\parencite'.
Package biblatex Info: Redefining '\footcite'.
Package biblatex Info: Redefining '\footcitetext'.
Package biblatex Info: Redefining '\smartcite'.
Package biblatex Info: Redefining '\textcite'.
Package biblatex Info: Redefining '\supercite'.
Package biblatex Info: Redefining '\parencites'.
Package biblatex Info: Redefining '\smartcites'.
Package biblatex Info: Redefining '\textcites'.
))
Package biblatex Info: Trying to load configuration file...
Package biblatex Info: ... file 'biblatex.cfg' found.
 (d:/texlive/2025/texmf-dist/tex/latex/biblatex/biblatex.cfg
File: biblatex.cfg 
)
Package biblatex Info: LuaTeX detected.
(biblatex)             Assuming input encoding 'utf8'.
Package biblatex Info: Document encoding is UTF8 ....
 (d:/texlive/2025/texmf-dist/tex/latex/l3kernel/expl3.sty
Package: expl3 2025-11-14 L3 programming layer (loader) 
 (d:/texlive/2025/texmf-dist/tex/latex/l3backend/l3backend-luatex.def
File: l3backend-luatex.def 2025-10-09 L3 backend support: PDF output (LuaTeX)
\l__color_backend_stack_int=\count466
Inserting `l3color' in `luaotfload.parse_color'.))
Package biblatex Info: ... and expl3
(biblatex)             2025-11-14 L3 programming layer (loader) 
(biblatex)             is new enough (at least 2020/04/06),
(biblatex)             setting 'casechanger=expl3'.
 (d:/texlive/2025/texmf-dist/tex/latex/biblatex/blx-case-expl3.sty (d:/texlive/2025/texmf-dist/tex/latex/l3packages/xparse/xparse.sty
Package: xparse 2025-10-09 L3 Experimental document command parser
)
Package: blx-case-expl3 2025/07/10 v3.21 expl3 case changing code for biblatex
)) (./personnelhandler.sty
Package: personnelhandler 2024/09/26 v0.51 LaTeX package for multiple author (student) management for IUT BSc Thesis Template
)
\c@savepage=\count467
 (./frontmatter.sty
Package: frontmatter 2023/06/21 v0.1 LaTeX package to work with iutbscthesis class and provide commands for generating front matter texts
 (d:/texlive/2025/texmf-dist/tex/latex/ragged2e/ragged2e.sty
Package: ragged2e 2023/06/22 v3.6 ragged2e Package
\CenteringLeftskip=\skip96
\RaggedLeftLeftskip=\skip97
\RaggedRightLeftskip=\skip98
\CenteringRightskip=\skip99
\RaggedLeftRightskip=\skip100
\RaggedRightRightskip=\skip101
\CenteringParfillskip=\skip102
\RaggedLeftParfillskip=\skip103
\RaggedRightParfillskip=\skip104
\JustifyingParfillskip=\skip105
\CenteringParindent=\skip106
\RaggedLeftParindent=\skip107
\RaggedRightParindent=\skip108
\JustifyingParindent=\skip109
) (d:/texlive/2025/texmf-dist/tex/latex/tools/longtable.sty
Package: longtable 2025-10-13 v4.24 Multi-page Table package (DPC)
\LTleft=\skip110
\LTright=\skip111
\LTpre=\skip112
\LTpost=\skip113
\LTchunksize=\count468
\LTcapwidth=\dimen263
\LT@head=\box64
\LT@firsthead=\box65
\LT@foot=\box66
\LT@lastfoot=\box67
\LT@gbox=\box68
\LT@cols=\count469
\LT@rows=\count470
\c@LT@tables=\count471
\c@LT@chunks=\count472
\LT@p@ftn=\toks30
)
\certsignheight=\skip114
\authcolwidth=\skip115
)) (d:/texlive/2025/texmf-dist/tex/latex/appendix/appendix.sty
Package: appendix 2020/02/08 v1.2c extra appendix facilities
\c@@pps=\count473
\c@@ppsavesec=\count474
\c@@ppsaveapp=\count475
) (d:/texlive/2025/texmf-dist/tex/latex/kantlipsum/kantlipsum.sty
Package: kantlipsum 2023/11/27 v0.8c Generate text in Kantian style
\l__kgl_start_int=\count476
\l__kgl_end_int=\count477

Package kantlipsum Info: The package provides paragraphs 1 to 164. Values
(kantlipsum)             outside this range will be ignored.

)
\@quotelevel=\count478
\@quotereset=\count479
LaTeX Font Info:    Trying to load font information for T1+stix2 on input line 50.
 (d:/texlive/2025/texmf-dist/tex/latex/stix2-type1/t1stix2.fd
File: t1stix2.fd 2018/04/02 v2.0.0-latex stix2 T1 font definitions
) (./main.aux (./chapter_1_introduction.aux) (./chapter_2_relatedworks.aux) (./chapter_3_proposed_methodology.aux))
\openout1 = main.aux

LaTeX Font Info:    Checking defaults for OML/cmm/m/it on input line 50.
LaTeX Font Info:    ... okay on input line 50.
LaTeX Font Info:    Checking defaults for OMS/cmsy/m/n on input line 50.
LaTeX Font Info:    ... okay on input line 50.
LaTeX Font Info:    Checking defaults for OT1/cmr/m/n on input line 50.
LaTeX Font Info:    ... okay on input line 50.
LaTeX Font Info:    Checking defaults for T1/cmr/m/n on input line 50.
LaTeX Font Info:    ... okay on input line 50.
LaTeX Font Info:    Checking defaults for TS1/cmr/m/n on input line 50.
LaTeX Font Info:    ... okay on input line 50.
LaTeX Font Info:    Checking defaults for TU/lmr/m/n on input line 50.
LaTeX Font Info:    ... okay on input line 50.
LaTeX Font Info:    Checking defaults for OMX/cmex/m/n on input line 50.
LaTeX Font Info:    ... okay on input line 50.
LaTeX Font Info:    Checking defaults for U/cmr/m/n on input line 50.
LaTeX Font Info:    ... okay on input line 50.
LaTeX Font Info:    Checking defaults for LS1/stix2/m/n on input line 50.
LaTeX Font Info:    Trying to load font information for LS1+stix2 on input line 50.
 (d:/texlive/2025/texmf-dist/tex/latex/stix2-type1/ls1stix2.fd
File: ls1stix2.fd 2018/04/02 v2.0.0-latex stix2 LS1 font definitions
)
LaTeX Font Info:    ... okay on input line 50.
LaTeX Font Info:    Checking defaults for LS2/stix2/m/n on input line 50.
LaTeX Font Info:    Trying to load font information for LS2+stix2 on input line 50.
 (d:/texlive/2025/texmf-dist/tex/latex/stix2-type1/ls2stix2.fd
File: ls2stix2.fd 2018/04/02 v2.0.0-latex stix2 LS2 font definitions
)
LaTeX Font Info:    ... okay on input line 50.
LaTeX Font Info:    Checking defaults for PD1/pdf/m/n on input line 50.
LaTeX Font Info:    ... okay on input line 50.
LaTeX Font Info:    Checking defaults for PU/pdf/m/n on input line 50.
LaTeX Font Info:    ... okay on input line 50.

*geometry* driver: auto-detecting
*geometry* detected driver: luatex
*geometry* verbose mode - [ preamble ] result:
* driver: luatex
* paper: <default>
* layout: <same size as paper>
* layoutoffset:(h,v)=(0.0pt,0.0pt)
* modes: 
* h-part:(L,W,R)=(99.58464pt, 426.79135pt, 71.13188pt)
* v-part:(T,H,B)=(85.35826pt, 674.33032pt, 85.35826pt)
* \paperwidth=597.50787pt
* \paperheight=845.04684pt
* \textwidth=426.79135pt
* \textheight=674.33032pt
* \oddsidemargin=27.31465pt
* \evensidemargin=27.31465pt
* \topmargin=-23.91173pt
* \headheight=12.0pt
* \headsep=25.0pt
* \topskip=12.0pt
* \footskip=30.0pt
* \marginparwidth=35.0pt
* \marginparsep=10.0pt
* \columnsep=10.0pt
* \skip\footins=10.8pt plus 4.0pt minus 2.0pt
* \hoffset=0.0pt
* \voffset=0.0pt
* \mag=1000
* \@twocolumnfalse
* \@twosidefalse
* \@mparswitchfalse
* \@reversemarginfalse
* (1in=72.27pt=25.4mm, 1cm=28.453pt)

Package caption Info: Begin \AtBeginDocument code.
Package caption Info: hyperref package is loaded.
Package caption Info: listings package is loaded.
Package caption Info: longtable package is loaded.
(d:/texlive/2025/texmf-dist/tex/latex/caption/ltcaption.sty
Package: ltcaption 2021/01/08 v1.4c longtable captions (AR)
)
Package caption Info: Fixing longtable code of `floatrow' package.
Package caption Info: End \AtBeginDocument code.
 (d:/texlive/2025/texmf-dist/tex/latex/graphics/color.sty
Package: color 2025/01/14 v1.3e Standard LaTeX Color (DPC)
 (d:/texlive/2025/texmf-dist/tex/latex/graphics-cfg/color.cfg
File: color.cfg 2016/01/02 v1.6 sample color configuration
)
Package color Info: Driver file: luatex.def on input line 149.
 (d:/texlive/2025/texmf-dist/tex/latex/graphics/mathcolor.ltx)) (d:/texlive/2025/texmf-dist/tex/latex/floatrow/fr-longtable.sty
Package: fr-longtable 2007/11/28 v0.1b (beta) floatrow: additions for longtable
\flrow@LT@lasthead=\box69
\flrow@LT@prelastfoot=\box70
\c@FBLTpage=\count480
) (d:/texlive/2025/texmf-dist/tex/context/base/mkii/supp-pdf.mkii
[Loading MPS to PDF converter (version 2006.09.02).]
\scratchcounter=\count481
\scratchdimen=\dimen264
\scratchbox=\box71
\nofMPsegments=\count482
\nofMParguments=\count483
\everyMPshowfont=\toks31
\MPscratchCnt=\count484
\MPscratchDim=\dimen265
\MPnumerator=\count485
\makeMPintoPDFobject=\count486
\everyMPtoPDFconversion=\toks32
) (d:/texlive/2025/texmf-dist/tex/latex/epstopdf-pkg/epstopdf-base.sty
Package: epstopdf-base 2020-01-24 v2.11 Base part for package epstopdf
Package epstopdf-base Info: Redefining graphics rule for `.eps' on input line 485.
 (d:/texlive/2025/texmf-dist/tex/latex/latexconfig/epstopdf-sys.cfg
File: epstopdf-sys.cfg 2010/07/13 v1.3 Configuration of (r)epstopdf for TeX Live
))
LaTeX Info: Command `\dddot' is already robust on input line 50.
LaTeX Info: Command `\ddddot' is already robust on input line 50.
\c@lstlisting=\count487
Package hyperref Info: Link coloring OFF on input line 50.
 (./main.out) (./main.out)
\@outlinefile=\write5

\openout5 = main.out
Package biblatex Info: Trying to load language 'english'...
Package biblatex Info: ... file 'english.lbx' found.
 (d:/texlive/2025/texmf-dist/tex/latex/biblatex/lbx/english.lbx
File: english.lbx 2025/07/10 v3.21 biblatex localization (PK/MW)
)
Package biblatex Info: LuaTeX detected.
(biblatex)             Assuming input encoding 'utf8'.
Package biblatex Info: Automatic encoding selection.
(biblatex)             Assuming data encoding 'utf8'.

\openout4 = main.bcf
Package biblatex Info: Trying to load bibliographic data...
Package biblatex Info: ... file 'main.bbl' found.
 (./main.bbl)
Package biblatex Info: Reference section=0 on input line 50.
Package biblatex Info: Reference segment=0 on input line 50.
 [1

{d:/texlive/2025/texmf-var/fonts/map/pdftex/updmap/pdftex.map}] [1

]
Overfull \hbox (2.6591pt too wide) in alignment at lines 64--64
 [][] 
 []


Overfull \hbox (2.6591pt too wide) in alignment at lines 64--64
 [][] 
 []


Overfull \hbox (2.6591pt too wide) in alignment at lines 64--64
 [][] 
 []


Overfull \hbox (2.6591pt too wide) in alignment at lines 64--64
 [][] 
 []


Underfull \hbox (badness 3849) in paragraph at lines 64--64
 []|
 []


Underfull \hbox (badness 3849) in paragraph at lines 64--64
 []|
 []


Underfull \hbox (badness 3849) in paragraph at lines 64--64
 []|
 []


Underfull \hbox (badness 3849) in paragraph at lines 64--64
 []|
 []


Underfull \hbox (badness 3849) in paragraph at lines 64--64
 []|
 []


Underfull \hbox (badness 3849) in paragraph at lines 64--64
 []|
 []


Overfull \hbox (2.6591pt too wide) in alignment at lines 64--64
 [][] 
 []

ignored error Infinite glue shrinkage found in box being split [2

] [3]
LaTeX Font Info:    Trying to load font information for LS1+stix2scr on input line 66.
 (d:/texlive/2025/texmf-dist/tex/latex/stix2-type1/ls1stix2scr.fd
File: ls1stix2scr.fd 2018/04/02 v2.0.0-latex stix2 script LS1 font definitions
)
LaTeX Font Info:    Trying to load font information for LS2+stix2ex on input line 66.
 (d:/texlive/2025/texmf-dist/tex/latex/stix2-type1/ls2stix2ex.fd
File: ls2stix2ex.fd 2018/04/02 v2.0.0-latex stix2 extentions LS2 font definitions
)
LaTeX Font Info:    Trying to load font information for LS1+stix2frak on input line 66.
 (d:/texlive/2025/texmf-dist/tex/latex/stix2-type1/ls1stix2frak.fd
File: ls1stix2frak.fd 2018/04/02 v2.0.0-latex stix2 fraktur LS1 font definitions
)
LaTeX Font Info:    Trying to load font information for LS1+stix2bb on input line 66.
 (d:/texlive/2025/texmf-dist/tex/latex/stix2-type1/ls1stix2bb.fd
File: ls1stix2bb.fd 2018/04/02 v2.0.0-latex stix2 blackboard LS1 font definitions
)
LaTeX Font Info:    Trying to load font information for LS2+stix2cal on input line 66.
 (d:/texlive/2025/texmf-dist/tex/latex/stix2-type1/ls2stix2cal.fd
File: ls2stix2cal.fd 2018/04/02 v2.0.0-latex stix2 calligraphic LS2 font definitions
)
LaTeX Font Info:    Trying to load font information for LS1+stix2sf on input line 66.
 (d:/texlive/2025/texmf-dist/tex/latex/stix2-type1/ls1stix2sf.fd
File: ls1stix2sf.fd 2018/04/02 v2.0.0-latex stix2 sans-serif LS1 font definitions
)
LaTeX Font Info:    Trying to load font information for LS2+stix2tt on input line 66.
 (d:/texlive/2025/texmf-dist/tex/latex/stix2-type1/ls2stix2tt.fd
File: ls2stix2tt.fd 2018/04/02 v2.0.0-latex stix2 typewriter LS2 font definitions
)
Underfull \hbox (badness 10000) in paragraph at lines 66--66
 []|
 []


Overfull \hbox (3.08694pt too wide) in paragraph at lines 66--66
 [][] 
 []

[4

] [5

] (./main.toc [6


])
\tf@toc=\write6

\openout6 = main.toc
 [7] (./main.lof)
\tf@lof=\write7

\openout7 = main.lof
 [8

] (./main.lot)
\tf@lot=\write8

\openout8 = main.lot
 [9

] [10

]
Overfull \hbox (0.48265pt too wide) in paragraph at lines 92--93
[]\T1/stix2/m/n/12 Fi-nally, to my par-ents, whose love and sup-port have been a con-stant source of strength.
 []

[11

] [12

]
\openout2 = chapter_1_introduction.aux
 (./chapter_1_introduction.tex
Chapter 1.
Missing character: There is no — (U+2014) in font t1-stix2text!
Missing character: There is no — (U+2014) in font t1-stix2text!
Missing character: There is no — (U+2014) in font t1-stix2text!
Missing character: There is no — (U+2014) in font t1-stix2text!
LaTeX Font Info:    Trying to load font information for TS1+stix2 on input line 14.
(d:/texlive/2025/texmf-dist/tex/latex/stix2-type1/ts1stix2.fd
File: ts1stix2.fd 2018/04/02 v2.0.0-latex stix2 TS1 font definitions
) [1




Missing character: There is no — (U+2014) in font t1-stix2text!
Missing character: There is no — (U+2014) in font t1-stix2text!
]
Missing character: There is no — (U+2014) in font t1-stix2text!
Missing character: There is no — (U+2014) in font t1-stix2text!
Missing character: There is no — (U+2014) in font t1-stix2text!
Missing character: There is no — (U+2014) in font t1-stix2text!
Missing character: There is no — (U+2014) in font t1-stix2text!
Missing character: There is no — (U+2014) in font t1-stix2text!
Missing character: There is no — (U+2014) in font t1-stix2text!
[2
Missing character: There is no — (U+2014) in font t1-stix2text!
]
Missing character: There is no — (U+2014) in font t1-stix2text-italic!
Missing character: There is no — (U+2014) in font t1-stix2text-italic!
[3
Missing character: There is no — (U+2014) in font t1-stix2text!
Missing character: There is no — (U+2014) in font t1-stix2text!
Missing character: There is no — (U+2014) in font t1-stix2text-italic!
]
Missing character: There is no — (U+2014) in font t1-stix2text!
Missing character: There is no — (U+2014) in font t1-stix2text!
[4
Missing character: There is no — (U+2014) in font t1-stix2text!
]
Overfull \hbox (3.80405pt too wide) in paragraph at lines 87--88
[]\T1/stix2/b/n/12 Server-side ver-i-fi-ca-tion \T1/stix2/m/n/12 tech-niques at-tempt to val-i-date up-dates by re-executing
 []


Overfull \hbox (5.35216pt too wide) in paragraph at lines 87--88
\T1/stix2/m/n/12 privacy-preserving ob-jec-tives and with secure-aggregation-style de-ploy-ments [[]1[]],
 []


Overfull \hbox (4.23157pt too wide) in paragraph at lines 89--90
[]\T1/stix2/b/n/12 Com-pu-ta-tion check-ing \T1/stix2/m/n/12 meth-ods an-a-lyze meta-data such as train-ing time, num-
 []

[5]
Missing character: There is no — (U+2014) in font t1-stix2text!
Missing character: There is no — (U+2014) in font t1-stix2text!
Missing character: There is no — (U+2014) in font t1-stix2text!
Missing character: There is no — (U+2014) in font t1-stix2text!
Missing character: There is no — (U+2014) in font t1-stix2text!
Missing character: There is no — (U+2014) in font t1-stix2text!
Missing character: There is no — (U+2014) in font t1-stix2text!
Missing character: There is no — (U+2014) in font t1-stix2text!

Overfull \hbox (41.24324pt too wide) in paragraph at lines 102--103
\T1/stix2/m/n/12 the stan-dard FL com-mu-ni-ca-tion pro-to-col—such as up-date char-ac-ter-is-tics and aggregation-
 []

Missing character: There is no — (U+2014) in font t1-stix2text!

Overfull \hbox (3.06032pt too wide) in paragraph at lines 110--111
[]\T1/stix2/b/n/12 Scal-a-bil-ity to Large Client Pop-u-la-tions: \T1/stix2/m/n/12 The pro-posed frame-work is de-signed
 []

[6
Missing character: There is no — (U+2014) in font t1-stix2text!
Missing character: There is no — (U+2014) in font t1-stix2text!
Missing character: There is no — (U+2014) in font t1-stix2text!
Missing character: There is no — (U+2014) in font t1-stix2text!
]) [7]
\openout2 = chapter_2_relatedworks.aux
 (./chapter_2_relatedworks.tex
Chapter 2.
Missing character: There is no — (U+2014) in font t1-stix2text!
Missing character: There is no — (U+2014) in font t1-stix2text!
Missing character: There is no — (U+2014) in font t1-stix2text!
Missing character: There is no — (U+2014) in font t1-stix2text!
[8





Missing character: There is no — (U+2014) in font t1-stix2text!
Missing character: There is no — (U+2014) in font t1-stix2text!
]
Missing character: There is no — (U+2014) in font t1-stix2text!

Overfull \hbox (8.74338pt too wide) in paragraph at lines 12--13
\T1/stix2/m/n/12 model weights di-rectly, pro-duc-ing up-dates that more closely re-sem-ble gen-uine gradient-
 []

Missing character: There is no — (U+2014) in font t1-stix2text!
Missing character: There is no — (U+2014) in font t1-stix2text!
Missing character: There is no — (U+2014) in font t1-stix2text!
Missing character: There is no — (U+2014) in font t1-stix2text!
Missing character: There is no — (U+2014) in font t1-stix2text!
[9
Missing character: There is no — (U+2014) in font t1-stix2text!
]
Overfull \hbox (8.81975pt too wide) in paragraph at lines 23--23
[]\T1/stix2/b/n/17.28 Server-Side De-tec-tion and Audit-Based Mit-i-ga-tion 
 []


Overfull \hbox (1.45222pt too wide) in paragraph at lines 26--27
\T1/stix2/m/n/12 the Ar-ti-fi-cial In-tel-li-gence of Things (AIoT), where de-vice het-ero-gene-ity is pro-nounced.
 []

Missing character: There is no — (U+2014) in font t1-stix2text!
Missing character: There is no — (U+2014) in font t1-stix2text!
Missing character: There is no — (U+2014) in font t1-stix2text!
Missing character: There is no — (U+2014) in font t1-stix2text!
Missing character: There is no — (U+2014) in font t1-stix2text!
Missing character: There is no — (U+2014) in font t1-stix2text!
Missing character: There is no — (U+2014) in font t1-stix2text!
Missing character: There is no — (U+2014) in font t1-stix2text!
[10
Missing character: There is no — (U+2014) in font t1-stix2text!
Missing character: There is no — (U+2014) in font t1-stix2text!
]
Missing character: There is no — (U+2014) in font t1-stix2text!
Missing character: There is no — (U+2014) in font t1-stix2text!
Missing character: There is no — (U+2014) in font t1-stix2text!
Missing character: There is no — (U+2014) in font t1-stix2text!
Missing character: There is no — (U+2014) in font t1-stix2text!

Overfull \hbox (6.94348pt too wide) in paragraph at lines 35--36
\T1/stix2/m/n/12 tec-tion (in-clud-ing FRAD), log-based au-dit-ing, and in-cen-tive/rep-u-ta-tion mech-a-nisms—all
 []

Missing character: There is no — (U+2014) in font t1-stix2text!
[11
Missing character: There is no — (U+2014) in font t1-stix2text!
Missing character: There is no — (U+2014) in font t1-stix2text!
Missing character: There is no — (U+2014) in font t1-stix2text!
Missing character: There is no — (U+2014) in font t1-stix2text!
Missing character: There is no — (U+2014) in font t1-stix2text!
Missing character: There is no — (U+2014) in font t1-stix2text!
]
Missing character: There is no — (U+2014) in font t1-stix2text!
Missing character: There is no — (U+2014) in font t1-stix2text!

Overfull \hbox (18.78014pt too wide) in paragraph at lines 42--43
\T1/stix2/m/n/12 hardware-based and cryp-to-graphic ap-proaches. Trusted Ex-e-cu-tion En-vi-ron-ments (TEEs),
 []

[12
Missing character: There is no — (U+2014) in font t1-stix2text!
Missing character: There is no — (U+2014) in font t1-stix2text!
]
Overfull \hbox (5.87543pt too wide) in paragraph at lines 44--45
[]\T1/stix2/m/n/12 While such ap-proaches can of-fer strong, cryp-to-graph-i-cally ver-i-fi-able guar-an-tees against
 []


Overfull \hbox (20.87532pt too wide) in paragraph at lines 44--45
\T1/stix2/m/n/12 limited clients. Zero-knowledge-proof schemes, while avoid-ing the hardware-dependency
 []


Overfull \hbox (15.24736pt too wide) in paragraph at lines 49--50
\T1/stix2/m/n/12 al. [[]13[]], free-rider de-tec-tion can be framed as an ex-treme case of the broader contribution-
 []

[13]
Underfull \hbox (badness 10000) in paragraph at lines 62--62
[]|\T1/stix2/b/n/12 Rep-re-sen-ta-tive
 []


Underfull \hbox (badness 10000) in paragraph at lines 62--62
[]|\T1/stix2/b/n/12 Privacy-
 []


Overfull \hbox (0.74097pt too wide) in paragraph at lines 62--62
\T1/stix2/b/n/12 Preserving| 
 []


Overfull \hbox (9.45297pt too wide) in paragraph at lines 62--62
[]|\T1/stix2/b/n/12 Lightweight| 
 []


Underfull \hbox (badness 10000) in paragraph at lines 62--63
[]|\T1/stix2/b/n/12 Ro-bust to
 []


Underfull \hbox (badness 10000) in paragraph at lines 62--63
\T1/stix2/b/n/12 Ad-vanced
 []


Underfull \hbox (badness 6157) in paragraph at lines 64--64
[]|\T1/stix2/m/n/12 Foun-da-tional &
 []


Underfull \hbox (badness 2582) in paragraph at lines 64--64
\T1/stix2/m/n/12 sta-tis-ti-cal de-tec-
 []


Underfull \hbox (badness 10000) in paragraph at lines 65--65
[]|\T1/stix2/m/n/12 N/A (at-
 []


Underfull \hbox (badness 10000) in paragraph at lines 66--66
[]|\T1/stix2/m/n/12 Server-side
 []


Underfull \hbox (badness 7186) in paragraph at lines 66--66
[]|\T1/stix2/m/n/12 FRAD [[]15[]]; PASS
 []


Underfull \hbox (badness 10000) in paragraph at lines 66--67
[]|\T1/stix2/m/n/12 Limited--
 []


Underfull \hbox (badness 10000) in paragraph at lines 67--67
[]|\T1/stix2/m/n/12 Privacy-attack-
 []


Underfull \hbox (badness 10000) in paragraph at lines 67--67
[]|\T1/stix2/m/n/12 No (MIA);
 []


Underfull \hbox (badness 10000) in paragraph at lines 67--67
\T1/stix2/m/n/12 Mod-er-ate
 []


Underfull \hbox (badness 10000) in paragraph at lines 67--68
[]|\T1/stix2/m/n/12 Yes (esp.
 []


Underfull \hbox (badness 10000) in paragraph at lines 68--68
[]|\T1/stix2/m/n/12 TEE, PoW, zero-
 []


Underfull \hbox (badness 10000) in paragraph at lines 69--69
[]|\T1/stix2/m/n/12 Con-tri-bu-tion/
 []


Underfull \hbox (badness 10000) in paragraph at lines 69--69
\T1/stix2/m/n/12 tions; rep-u-ta-tion
 []


Overfull \hbox (8.78532pt too wide) in paragraph at lines 60--72
 [][] 
 []

Missing character: There is no — (U+2014) in font t1-stix2text!
Missing character: There is no — (U+2014) in font t1-stix2text!
Missing character: There is no — (U+2014) in font t1-stix2text!
[14]
Missing character: There is no — (U+2014) in font t1-stix2text!
Missing character: There is no — (U+2014) in font t1-stix2text!
Missing character: There is no — (U+2014) in font t1-stix2text!
Missing character: There is no — (U+2014) in font t1-stix2text!
) [15
Missing character: There is no — (U+2014) in font t1-stix2text!
Missing character: There is no — (U+2014) in font t1-stix2text!
Missing character: There is no — (U+2014) in font t1-stix2text!
]
\openout2 = chapter_3_proposed_methodology.aux
 (./chapter_3_proposed_methodology.tex
Chapter 3.

Overfull \hbox (141.6359pt too wide) in paragraph at lines 18--43
 [][] 
 []

[16




]
Overfull \hbox (7.17622pt too wide) in paragraph at lines 51--52
[]\T1/stix2/m/n/12 Re-turns the model it last le-git-i-mately pos-sessed in-stead of train-
 []


Overfull \hbox (11.12424pt too wide) in paragraph at lines 52--53
[]\T1/stix2/m/n/12 Re-turns ran-domly gen-er-ated weights within a plau-
 []


Overfull \hbox (6.3361pt too wide) in paragraph at lines 54--55
[]\T1/stix2/m/n/12 At-tempts to in-fer sta-tis-ti-cal prop-er-ties of gen-
 []

[17] [18] [19]
Overfull \hbox (5.45937pt too wide) in paragraph at lines 91--92
\T1/stix2/m/n/12 For clients that pass the zero-update check, the server com-pares $\LS1/stix2/m/n/12 []$ \T1/stix2/m/n/12 against that round's
 []

[20]
Package hyperref Info: bookmark level for unknown algorithm defaults to 0 on input line 113.
 [21] [22] [23]
Overfull \hbox (16.69064pt too wide) in paragraph at lines 221--222
\T1/stix2/m/n/12 ex-per-i-men-tal de-sign sep-a-rately stud-ies the ef-fect of par-tic-i-pa-tion rate $\LS1/stix2/m/it/12 C \LS1/stix2/m/n/12 Ë ^10~\LS1/stix2/m/it/12 ; \LS1/stix2/m/n/12 20~\LS1/stix2/m/it/12 ; \LS1/stix2/m/n/12 30~`$
 []

[24] [25]) [26] Excluding 'comment' comment.
Chapter 4.
[27



]
Chapter 5.
Excluding 'comment' comment. [28

]
LaTeX Font Info:    Trying to load font information for T1+lmtt on input line 242.
 (d:/texlive/2025/texmf-dist/tex/latex/lm/t1lmtt.fd
File: t1lmtt.fd 2015/05/01 v1.6.1 Font defs for Latin Modern
)
Overfull \hbox (9.05568pt too wide) in paragraph at lines 242--242
[]\T1/stix2/m/n/12 A. Hard et al., ``Fed-er-ated learn-ing for mo-bile key-board pre-dic-tion,'' \T1/stix2/m/it/12 arXiv preprint
 []

[29

]
Overfull \hbox (2.87302pt too wide) in paragraph at lines 242--242
\T1/stix2/m/n/12 plied to doc-u-ment recog-ni-tion,'' \T1/stix2/m/it/12 Pro-ceed-ings of the IEEE\T1/stix2/m/n/12 , vol. 86, no. 11, pp. 2278
 []


Overfull \hbox (44.00754pt too wide) in paragraph at lines 242--242
[]\T1/stix2/m/n/12 H. B. McMa-han, E. Moore, D. Ra-m-age, S. Hamp-son, and B. A. y Ar-cas, ``Communication-
 []


Overfull \hbox (27.46356pt too wide) in paragraph at lines 242--242
\T1/stix2/m/n/12 ``FRIDA: Free-rider de-tec-tion us-ing pri-vacy at-tacks,'' \T1/stix2/m/it/12 arXiv preprint arXiv:2410.05020\T1/stix2/m/n/12 ,
 []

Missing character: There is no š (U+0161) in font t1-stix2text!
Missing character: There is no ć (U+0107) in font t1-stix2text!
Missing character: There is no š (U+0161) in font t1-stix2text!
Missing character: There is no ć (U+0107) in font t1-stix2text!
Missing character: There is no š (U+0161) in font t1-stix2text!
Missing character: There is no ć (U+0107) in font t1-stix2text!
Missing character: There is no š (U+0161) in font t1-stix2text!
Missing character: There is no ć (U+0107) in font t1-stix2text!
[30
Missing character: There is no š (U+0161) in font t1-stix2text!
Missing character: There is no ć (U+0107) in font t1-stix2text!
Missing character: There is no š (U+0161) in font t1-stix2text!
Missing character: There is no ć (U+0107) in font t1-stix2text!
] [31] [32


]
Appendix A.
<ImageA.png, id=575, 123.3408pt x 123.3408pt>
File: ImageA.png Graphic file (type png)
<use ImageA.png>
Package luatex.def Info: ImageA.png  used on input line 250.
(luatex.def)             Requested size: 123.34048pt x 123.34048pt.
[33

<./ImageA.png>]
Appendix B.
[34

] [35] (./main.aux (./chapter_1_introduction.aux) (./chapter_2_relatedworks.aux) (./chapter_3_proposed_methodology.aux))
 ***********
LaTeX2e <2025-11-01>
L3 programming layer <2025-11-14>
 ***********
Package rerunfilecheck Info: File `main.out' has not changed.
(rerunfilecheck)             Checksum: 2CF52B05EF37A71106756E1D9F49652A;8454.
Package logreq Info: Writing requests to 'main.run.xml'.

\openout1 = main.run.xml
)

Here is how much of LuaTeX's memory you used:
 25809 strings out of 476081
 125056,1648299 words of node,token memory allocated
 20030 words of node memory still in use:
   6 hlist, 2 vlist, 2 rule, 3 glue, 3380 kern, 18 glyph, 585 attribute, 86 glue_spec, 585 attribute_list, 1 write, 9 pdf_action nodes
   avail lists: 1:2,2:1288,3:422,4:218,5:357,6:111,7:7870,8:104,9:687,10:13,11:723
 47573 multiletter control sequences out of 65536+600000
 96 fonts using 7106871 bytes
 84i,15n,88p,2370b,1228s stack positions out of 10000i,1000n,20000p,200000b,200000s
{d:/texlive/2025/texmf-dist/fonts/enc/dvips/lm/lm-ec.enc}{d:/texlive/2025/texmf-dist/fonts/enc/dvips/stix2-type1/stix2-t1sc.enc}{d:/texlive/2025/texmf-dist/fonts/enc/dvips/stix2-type1/stix2-mathfrak.enc}{d:/texlive/2025/texmf-dist/fonts/enc/dvips/stix2-type1/stix2-mathsf.enc}{d:/texlive/2025/texmf-dist/fonts/enc/dvips/stix2-type1/stix2-mathrm-bold.enc}{d:/texlive/2025/texmf-dist/fonts/enc/dvips/stix2-type1/stix2-mathex.enc}{d:/texlive/2025/texmf-dist/fonts/enc/dvips/stix2-type1/stix2-mathrm.enc}{d:/texlive/2025/texmf-dist/fonts/enc/dvips/stix2-type1/stix2-mathscr.enc}{d:/texlive/2025/texmf-dist/fonts/enc/dvips/stix2-type1/stix2-mathcal.enc}{d:/texlive/2025/texmf-dist/fonts/enc/dvips/stix2-type1/stix2-mathit.enc}{d:/texlive/2025/texmf-dist/fonts/enc/dvips/stix2-type1/stix2-ts1.enc}{d:/texlive/2025/texmf-dist/fonts/enc/dvips/stix2-type1/stix2-t1.enc}<d:/texlive/2025/texmf-dist/fonts/type1/public/stix2-type1/STIX2Math.pfb><d:/texlive/2025/texmf-dist/fonts/type1/public/stix2-type1/STIX2Text-Bold.pfb><d:/texlive/2025/texmf-dist/fonts/type1/public/stix2-type1/STIX2Text-Italic.pfb><d:/texlive/2025/texmf-dist/fonts/type1/public/stix2-type1/STIX2Text-Regular.pfb><d:/texlive/2025/texmf-dist/fonts/type1/public/lm/lmtt12.pfb>
Output written on main.pdf (48 pages, 810088 bytes).

PDF statistics: 637 PDF objects out of 1000 (max. 8388607)
 574 compressed objects within 6 object streams
 138 named destinations out of 1000 (max. 131072)
 345 words of extra memory for PDF output out of 10000 (max. 100000000)

